// Vitest Snapshot v1

exports[`normalize > inject console hook on node file 1`] = `
"
import { consolehook } from \\"./src/lib/consolehook\\"
globalThis.__hook(consolehook, (log) => {
  console.log(log)
  globalThis.__viteDevServer.ws.send({
    type: 'custom',
    data: globalThis.__encode(log),
    event: 'vit:custom',
  })
})
console.log('injected')
"
`;

exports[`normalize > wrap code 1`] = `
"
import { uniq } from \\"esm.sh:lodash-es@4.17.21\\"
import stripAnsi from \\"esm.sh:strip-ansi@7.1.0\\"
    "
`;
